// Jest Snapshot v1, https://goo.gl/fbAQLP

exports[`App renders successfully 1`] = `
<div
  className="todo"
>
  <header
    className="App-header"
  >
    WHAT TODO
  </header>
  <ul
    className="todo__list"
  >
    <li
      className="todo__item item"
    >
      <input
        checked={true}
        className="item__toggle item__toggle--complete"
        onChange={[Function]}
        type="checkbox"
      />
      <input
        className="item__name"
        defaultValue="Write TODO list"
        id="inputTodo"
        onKeyUp={[Function]}
        type="text"
      />
      <button
        className="item__button item__button--remove"
        onClick={[Function]}
        type="button"
      >
        x
      </button>
    </li>
    <li
      className="todo__item item"
    >
      <input
        checked={false}
        className="item__toggle "
        onChange={[Function]}
        type="checkbox"
      />
      <input
        className="item__name"
        defaultValue="看电影"
        id="inputTodo"
        onKeyUp={[Function]}
        type="text"
      />
      <button
        className="item__button item__button--remove"
        onClick={[Function]}
        type="button"
      >
        x
      </button>
    </li>
    <li
      className="todo__item item"
    >
      <input
        checked={false}
        className="item__toggle "
        onChange={[Function]}
        type="checkbox"
      />
      <input
        className="item__name"
        defaultValue="Make something"
        id="inputTodo"
        onKeyUp={[Function]}
        type="text"
      />
      <button
        className="item__button item__button--remove"
        onClick={[Function]}
        type="button"
      >
        x
      </button>
    </li>
  </ul>
  <div>
    <input
      className="todo__input"
      id="inputTodo"
      maxLength="70"
      onKeyDown={[Function]}
      placeholder="Add another task"
      type="text"
    />
     
  </div>
</div>
`;
